SIM & MOBILE — Jest Validation Log
Generated: 2026-06-02 01:25 UTC
Command: npm test (jest)
======================================================
Test Suites: 3 passed, 3 total
Tests:       77 passed, 77 total
Snapshots:   0 total
Time:        0.711 s, estimated 2 s
Ran all test suites.
